// Jest Snapshot v1, https://goo.gl/fbAQLP

exports[`file structure cli with --force=node: {"cwd":"test/","source":"fixtures/"} 1`] = `
Array [
  "/fixtures",
  "/fixtures/.dotfile",
  "/fixtures/file-symlink.txt",
  "/fixtures/file.txt",
  "/fixtures/multiline.txt",
  "/fixtures/obama.jpg",
  "/fixtures/subdir",
  "/fixtures/subdir/subfile.txt",
  "/fixtures/subdir-symlink",
  "/fixtures/subdir-symlink/subfile.txt",
  "/test.zip",
]
`;

exports[`file structure cli with --force=node: {"cwd":"test/","source":"fixtures/*"} 1`] = `
Array [
  "/fixtures",
  "/fixtures/file-symlink.txt",
  "/fixtures/file.txt",
  "/fixtures/multiline.txt",
  "/fixtures/obama.jpg",
  "/fixtures/subdir",
  "/fixtures/subdir/subfile.txt",
  "/fixtures/subdir-symlink",
  "/fixtures/subdir-symlink/subfile.txt",
  "/test.zip",
]
`;

exports[`file structure cli with --force=node: {"cwd":"test/","source":"fixtures/*/*.txt"} 1`] = `
Array [
  "/fixtures",
  "/fixtures/subdir",
  "/fixtures/subdir/subfile.txt",
  "/fixtures/subdir-symlink",
  "/fixtures/subdir-symlink/subfile.txt",
  "/test.zip",
]
`;

exports[`file structure cli with --force=node: {"cwd":"test/","source":"fixtures/subdir/subfile.txt"} 1`] = `
Array [
  "/fixtures",
  "/fixtures/subdir",
  "/fixtures/subdir/subfile.txt",
  "/test.zip",
]
`;

exports[`file structure cli with --force=node: {"cwd":"test/fixtures","source":"file.txt"} 1`] = `
Array [
  "/file.txt",
  "/test.zip",
]
`;

exports[`file structure cli with --force=node: {"cwd":"test/fixtures","source":"obama.jpg"} 1`] = `
Array [
  "/obama.jpg",
  "/test.zip",
]
`;

exports[`file structure cli with --force=node: {"cwd":"test/fixtures","source":"subdir/subfile.txt"} 1`] = `
Array [
  "/subdir",
  "/subdir/subfile.txt",
  "/test.zip",
]
`;

exports[`file structure cli with --force=node: {"cwd":"test/fixtures","source":["file.txt",".dotfile"]} 1`] = `
Array [
  "/.dotfile",
  "/file.txt",
  "/test.zip",
]
`;

exports[`file structure cli with --force=node: {"cwd":"test/fixtures","source":["file.txt","obama.jpg"]} 1`] = `
Array [
  "/file.txt",
  "/obama.jpg",
  "/test.zip",
]
`;

exports[`file structure cli with --force=node: {"cwd":"test/fixtures","source":["file.txt","subdir"]} 1`] = `
Array [
  "/file.txt",
  "/subdir",
  "/subdir/subfile.txt",
  "/test.zip",
]
`;

exports[`file structure cli with --force=node: {"cwd":"test/fixtures/","source":"*"} 1`] = `
Array [
  "/file-symlink.txt",
  "/file.txt",
  "/multiline.txt",
  "/obama.jpg",
  "/subdir",
  "/subdir/subfile.txt",
  "/subdir-symlink",
  "/subdir-symlink/subfile.txt",
  "/test.zip",
]
`;

exports[`file structure cli with --force=node: {"cwd":"test/fixtures/","source":"./"} 1`] = `
Array [
  "/.dotfile",
  "/file-symlink.txt",
  "/file.txt",
  "/multiline.txt",
  "/obama.jpg",
  "/subdir",
  "/subdir/subfile.txt",
  "/subdir-symlink",
  "/subdir-symlink/subfile.txt",
  "/test.zip",
]
`;

exports[`file structure cli with --force=node: {"cwd":"test/fixtures/","source":"file-symlink.txt"} 1`] = `
Array [
  "/file-symlink.txt",
  "/test.zip",
]
`;

exports[`file structure cli with --force=node: {"cwd":"test/fixtures/subdir","source":"../file.txt"} 1`] = `
Array [
  "/file.txt",
  "/test.zip",
]
`;

exports[`file structure cli: {"cwd":"test/","source":"fixtures/"} 1`] = `
Array [
  "/fixtures",
  "/fixtures/.dotfile",
  "/fixtures/file-symlink.txt",
  "/fixtures/file.txt",
  "/fixtures/multiline.txt",
  "/fixtures/obama.jpg",
  "/fixtures/subdir",
  "/fixtures/subdir/subfile.txt",
  "/fixtures/subdir-symlink",
  "/fixtures/subdir-symlink/subfile.txt",
  "/test.zip",
]
`;

exports[`file structure cli: {"cwd":"test/","source":"fixtures/*"} 1`] = `
Array [
  "/fixtures",
  "/fixtures/file-symlink.txt",
  "/fixtures/file.txt",
  "/fixtures/multiline.txt",
  "/fixtures/obama.jpg",
  "/fixtures/subdir",
  "/fixtures/subdir/subfile.txt",
  "/fixtures/subdir-symlink",
  "/fixtures/subdir-symlink/subfile.txt",
  "/test.zip",
]
`;

exports[`file structure cli: {"cwd":"test/","source":"fixtures/*/*.txt"} 1`] = `
Array [
  "/fixtures",
  "/fixtures/subdir",
  "/fixtures/subdir/subfile.txt",
  "/fixtures/subdir-symlink",
  "/fixtures/subdir-symlink/subfile.txt",
  "/test.zip",
]
`;

exports[`file structure cli: {"cwd":"test/","source":"fixtures/subdir/subfile.txt"} 1`] = `
Array [
  "/fixtures",
  "/fixtures/subdir",
  "/fixtures/subdir/subfile.txt",
  "/test.zip",
]
`;

exports[`file structure cli: {"cwd":"test/fixtures","source":"file.txt"} 1`] = `
Array [
  "/file.txt",
  "/test.zip",
]
`;

exports[`file structure cli: {"cwd":"test/fixtures","source":"obama.jpg"} 1`] = `
Array [
  "/obama.jpg",
  "/test.zip",
]
`;

exports[`file structure cli: {"cwd":"test/fixtures","source":"subdir/subfile.txt"} 1`] = `
Array [
  "/subdir",
  "/subdir/subfile.txt",
  "/test.zip",
]
`;

exports[`file structure cli: {"cwd":"test/fixtures","source":["file.txt",".dotfile"]} 1`] = `
Array [
  "/.dotfile",
  "/file.txt",
  "/test.zip",
]
`;

exports[`file structure cli: {"cwd":"test/fixtures","source":["file.txt","obama.jpg"]} 1`] = `
Array [
  "/file.txt",
  "/obama.jpg",
  "/test.zip",
]
`;

exports[`file structure cli: {"cwd":"test/fixtures","source":["file.txt","subdir"]} 1`] = `
Array [
  "/file.txt",
  "/subdir",
  "/subdir/subfile.txt",
  "/test.zip",
]
`;

exports[`file structure cli: {"cwd":"test/fixtures/","source":"*"} 1`] = `
Array [
  "/file-symlink.txt",
  "/file.txt",
  "/multiline.txt",
  "/obama.jpg",
  "/subdir",
  "/subdir/subfile.txt",
  "/subdir-symlink",
  "/subdir-symlink/subfile.txt",
  "/test.zip",
]
`;

exports[`file structure cli: {"cwd":"test/fixtures/","source":"./"} 1`] = `
Array [
  "/.dotfile",
  "/file-symlink.txt",
  "/file.txt",
  "/multiline.txt",
  "/obama.jpg",
  "/subdir",
  "/subdir/subfile.txt",
  "/subdir-symlink",
  "/subdir-symlink/subfile.txt",
  "/test.zip",
]
`;

exports[`file structure cli: {"cwd":"test/fixtures/","source":"file-symlink.txt"} 1`] = `
Array [
  "/file-symlink.txt",
  "/test.zip",
]
`;

exports[`file structure cli: {"cwd":"test/fixtures/subdir","source":"../file.txt"} 1`] = `
Array [
  "/file.txt",
  "/test.zip",
]
`;

exports[`file structure programmatic with nodeZip: {"cwd":"test/","source":"fixtures/"} 1`] = `
Array [
  "/fixtures",
  "/fixtures/.dotfile",
  "/fixtures/file-symlink.txt",
  "/fixtures/file.txt",
  "/fixtures/multiline.txt",
  "/fixtures/obama.jpg",
  "/fixtures/subdir",
  "/fixtures/subdir/subfile.txt",
  "/fixtures/subdir-symlink",
  "/fixtures/subdir-symlink/subfile.txt",
  "/test.zip",
]
`;

exports[`file structure programmatic with nodeZip: {"cwd":"test/","source":"fixtures/*"} 1`] = `
Array [
  "/fixtures",
  "/fixtures/file-symlink.txt",
  "/fixtures/file.txt",
  "/fixtures/multiline.txt",
  "/fixtures/obama.jpg",
  "/fixtures/subdir",
  "/fixtures/subdir/subfile.txt",
  "/fixtures/subdir-symlink",
  "/fixtures/subdir-symlink/subfile.txt",
  "/test.zip",
]
`;

exports[`file structure programmatic with nodeZip: {"cwd":"test/","source":"fixtures/*/*.txt"} 1`] = `
Array [
  "/fixtures",
  "/fixtures/subdir",
  "/fixtures/subdir/subfile.txt",
  "/fixtures/subdir-symlink",
  "/fixtures/subdir-symlink/subfile.txt",
  "/test.zip",
]
`;

exports[`file structure programmatic with nodeZip: {"cwd":"test/","source":"fixtures/subdir/subfile.txt"} 1`] = `
Array [
  "/fixtures",
  "/fixtures/subdir",
  "/fixtures/subdir/subfile.txt",
  "/test.zip",
]
`;

exports[`file structure programmatic with nodeZip: {"cwd":"test/fixtures","source":"file.txt"} 1`] = `
Array [
  "/file.txt",
  "/test.zip",
]
`;

exports[`file structure programmatic with nodeZip: {"cwd":"test/fixtures","source":"obama.jpg"} 1`] = `
Array [
  "/obama.jpg",
  "/test.zip",
]
`;

exports[`file structure programmatic with nodeZip: {"cwd":"test/fixtures","source":"subdir/subfile.txt"} 1`] = `
Array [
  "/subdir",
  "/subdir/subfile.txt",
  "/test.zip",
]
`;

exports[`file structure programmatic with nodeZip: {"cwd":"test/fixtures","source":["file.txt",".dotfile"]} 1`] = `
Array [
  "/.dotfile",
  "/file.txt",
  "/test.zip",
]
`;

exports[`file structure programmatic with nodeZip: {"cwd":"test/fixtures","source":["file.txt","obama.jpg"]} 1`] = `
Array [
  "/file.txt",
  "/obama.jpg",
  "/test.zip",
]
`;

exports[`file structure programmatic with nodeZip: {"cwd":"test/fixtures","source":["file.txt","subdir"]} 1`] = `
Array [
  "/file.txt",
  "/subdir",
  "/subdir/subfile.txt",
  "/test.zip",
]
`;

exports[`file structure programmatic with nodeZip: {"cwd":"test/fixtures/","source":"*"} 1`] = `
Array [
  "/file-symlink.txt",
  "/file.txt",
  "/multiline.txt",
  "/obama.jpg",
  "/subdir",
  "/subdir/subfile.txt",
  "/subdir-symlink",
  "/subdir-symlink/subfile.txt",
  "/test.zip",
]
`;

exports[`file structure programmatic with nodeZip: {"cwd":"test/fixtures/","source":"./"} 1`] = `
Array [
  "/.dotfile",
  "/file-symlink.txt",
  "/file.txt",
  "/multiline.txt",
  "/obama.jpg",
  "/subdir",
  "/subdir/subfile.txt",
  "/subdir-symlink",
  "/subdir-symlink/subfile.txt",
  "/test.zip",
]
`;

exports[`file structure programmatic with nodeZip: {"cwd":"test/fixtures/","source":"file-symlink.txt"} 1`] = `
Array [
  "/file-symlink.txt",
  "/test.zip",
]
`;

exports[`file structure programmatic with nodeZip: {"cwd":"test/fixtures/subdir","source":"../file.txt"} 1`] = `
Array [
  "/file.txt",
  "/test.zip",
]
`;

exports[`file structure programmatic: {"cwd":"test/","source":"fixtures/"} 1`] = `
Array [
  "/fixtures",
  "/fixtures/.dotfile",
  "/fixtures/file-symlink.txt",
  "/fixtures/file.txt",
  "/fixtures/multiline.txt",
  "/fixtures/obama.jpg",
  "/fixtures/subdir",
  "/fixtures/subdir/subfile.txt",
  "/fixtures/subdir-symlink",
  "/fixtures/subdir-symlink/subfile.txt",
  "/test.zip",
]
`;

exports[`file structure programmatic: {"cwd":"test/","source":"fixtures/*"} 1`] = `
Array [
  "/fixtures",
  "/fixtures/file-symlink.txt",
  "/fixtures/file.txt",
  "/fixtures/multiline.txt",
  "/fixtures/obama.jpg",
  "/fixtures/subdir",
  "/fixtures/subdir/subfile.txt",
  "/fixtures/subdir-symlink",
  "/fixtures/subdir-symlink/subfile.txt",
  "/test.zip",
]
`;

exports[`file structure programmatic: {"cwd":"test/","source":"fixtures/*/*.txt"} 1`] = `
Array [
  "/fixtures",
  "/fixtures/subdir",
  "/fixtures/subdir/subfile.txt",
  "/fixtures/subdir-symlink",
  "/fixtures/subdir-symlink/subfile.txt",
  "/test.zip",
]
`;

exports[`file structure programmatic: {"cwd":"test/","source":"fixtures/subdir/subfile.txt"} 1`] = `
Array [
  "/fixtures",
  "/fixtures/subdir",
  "/fixtures/subdir/subfile.txt",
  "/test.zip",
]
`;

exports[`file structure programmatic: {"cwd":"test/fixtures","source":"file.txt"} 1`] = `
Array [
  "/file.txt",
  "/test.zip",
]
`;

exports[`file structure programmatic: {"cwd":"test/fixtures","source":"obama.jpg"} 1`] = `
Array [
  "/obama.jpg",
  "/test.zip",
]
`;

exports[`file structure programmatic: {"cwd":"test/fixtures","source":"subdir/subfile.txt"} 1`] = `
Array [
  "/subdir",
  "/subdir/subfile.txt",
  "/test.zip",
]
`;

exports[`file structure programmatic: {"cwd":"test/fixtures","source":["file.txt",".dotfile"]} 1`] = `
Array [
  "/.dotfile",
  "/file.txt",
  "/test.zip",
]
`;

exports[`file structure programmatic: {"cwd":"test/fixtures","source":["file.txt","obama.jpg"]} 1`] = `
Array [
  "/file.txt",
  "/obama.jpg",
  "/test.zip",
]
`;

exports[`file structure programmatic: {"cwd":"test/fixtures","source":["file.txt","subdir"]} 1`] = `
Array [
  "/file.txt",
  "/subdir",
  "/subdir/subfile.txt",
  "/test.zip",
]
`;

exports[`file structure programmatic: {"cwd":"test/fixtures/","source":"*"} 1`] = `
Array [
  "/file-symlink.txt",
  "/file.txt",
  "/multiline.txt",
  "/obama.jpg",
  "/subdir",
  "/subdir/subfile.txt",
  "/subdir-symlink",
  "/subdir-symlink/subfile.txt",
  "/test.zip",
]
`;

exports[`file structure programmatic: {"cwd":"test/fixtures/","source":"./"} 1`] = `
Array [
  "/.dotfile",
  "/file-symlink.txt",
  "/file.txt",
  "/multiline.txt",
  "/obama.jpg",
  "/subdir",
  "/subdir/subfile.txt",
  "/subdir-symlink",
  "/subdir-symlink/subfile.txt",
  "/test.zip",
]
`;

exports[`file structure programmatic: {"cwd":"test/fixtures/","source":"file-symlink.txt"} 1`] = `
Array [
  "/file-symlink.txt",
  "/test.zip",
]
`;

exports[`file structure programmatic: {"cwd":"test/fixtures/subdir","source":"../file.txt"} 1`] = `
Array [
  "/file.txt",
  "/test.zip",
]
`;
